// Jest Snapshot v1, https://goo.gl/fbAQLP

exports[`VideoPlayer correctly renders after relaunch 1`] = `
<video
  poster="img/johnny-english.jpg"
/>
`;
