// Jest Snapshot v1, https://goo.gl/fbAQLP

exports[`Film list correctly renders after relaunch 1`] = `
<div
  className="catalog__movies-list"
/>
`;
